Pixels: /auto/home/mcbride/deforestation/ASCAT_cetb/pixels/ASCAT_cetb_pixels_clean.gpkg
Pixels layer: ASCAT_cetb_pixels_clean
Shapes: /auto/home/mcbride/QGIS/cetb_amazon/daily_prodes/all_causes
Overlap: /auto/home/mcbride/deforestation/ASCAT_cetb/prodes_all/overlap
Overlap file: /auto/home/mcbride/deforestation/ASCAT_cetb/prodes_all/overlap/image_date_2017-07-06_overlap.gpkg

----------------
Inputs
----------------

INPUT:	/auto/home/mcbride/deforestation/ASCAT_cetb/pixels/ASCAT_cetb_pixels_clean.gpkg
LAYERS:	/auto/home/mcbride/QGIS/cetb_amazon/daily_prodes/all_causes/image_date_2017-07-06.gpkg
OUTPUT:	/auto/home/mcbride/deforestation/ASCAT_cetb/prodes_all/overlap/image_date_2017-07-06_overlap.gpkg

Using ellipsoid:	EPSG:7030
Using distance unit:	meters
Using area unit:	square meters

Preparing image_date_2017-07-06
0...10...20...30...40...50...60...70...80...90...100 - done.

----------------
Results
----------------

OUTPUT:	/auto/home/mcbride/deforestation/ASCAT_cetb/prodes_all/overlap/image_date_2017-07-06_overlap.gpkg
Overlap file: /auto/home/mcbride/deforestation/ASCAT_cetb/prodes_all/overlap/image_date_2018-08-16_overlap.gpkg

----------------
Inputs
----------------

INPUT:	/auto/home/mcbride/deforestation/ASCAT_cetb/pixels/ASCAT_cetb_pixels_clean.gpkg
LAYERS:	/auto/home/mcbride/QGIS/cetb_amazon/daily_prodes/all_causes/image_date_2018-08-16.gpkg
OUTPUT:	/auto/home/mcbride/deforestation/ASCAT_cetb/prodes_all/overlap/image_date_2018-08-16_overlap.gpkg

Using ellipsoid:	EPSG:7030
Using distance unit:	meters
Using area unit:	square meters

Preparing image_date_2018-08-16
0...10