Pixels: /auto/home/mcbride/deforestation/ESCAT_cetb/pixels/ESCAT_cetb_pixels_clean.gpkg
Pixels layer: ESCAT_cetb_pixels_clean
Shapes: /auto/home/mcbride/QGIS/cetb_amazon/daily_prodes/all_causes
Overlap: /auto/home/mcbride/deforestation/ASCAT_scaled/prodes_all/overlap
Overlap file: /auto/home/mcbride/deforestation/ASCAT_scaled/prodes_all/overlap/image_date_2017-07-06_overlap.gpkg

----------------
Inputs
----------------

INPUT:	/auto/home/mcbride/deforestation/ESCAT_cetb/pixels/ESCAT_cetb_pixels_clean.gpkg
LAYERS:	/auto/home/mcbride/QGIS/cetb_amazon/daily_prodes/all_causes/image_date_2017-07-06.gpkg
OUTPUT:	/auto/home/mcbride/deforestation/ASCAT_scaled/prodes_all/overlap/image_date_2017-07-06_overlap.gpkg

Using ellipsoid:	EPSG:7030
Using distance unit:	meters
Using area unit:	square meters

Preparing image_date_2017-07-06
0...10...20...30...40...50...60...70...80...90...100 - done.

----------------
Results
----------------

OUTPUT:	/auto/home/mcbride/deforestation/ASCAT_scaled/prodes_all/overlap/image_date_2017-07-06_overlap.gpkg
Overlap file: /auto/home/mcbride/deforestation/ASCAT_scaled/prodes_all/overlap/image_date_2017-10-08_overlap.gpkg

----------------
Inputs
----------------

INPUT:	/auto/home/mcbride/deforestation/ESCAT_cetb/pixels/ESCAT_cetb_pixels_clean.gpkg
LAYERS:	/auto/home/mcbride/QGIS/cetb_amazon/daily_prodes/all_causes/image_date_2017-10-08.gpkg
OUTPUT:	/auto/home/mcbride/deforestation/ASCAT_scaled/prodes_all/overlap/image_date_2017-10-08_overlap.gpkg

Using ellipsoid:	EPSG:7030
Using distance unit:	meters
Using area unit:	square meters

Preparing image_date_2017-10-08
0...10...20...30...40...50...60...70...80...90...100 - done.

----------------
Results
----------------

OUTPUT:	/auto/home/mcbride/deforestation/ASCAT_scaled/prodes_all/overlap/image_date_2017-10-08_overlap.gpkg
Overlap file: /auto/home/mcbride/deforestation/ASCAT_scaled/prodes_all/overlap/image_date_2017-11-20_overlap.gpkg

----------------
Inputs
----------------

INPUT:	/auto/home/mcbride/deforestation/ESCAT_cetb/pixels/ESCAT_cetb_pixels_clean.gpkg
LAYERS:	/auto/home/mcbride/QGIS/cetb_amazon/daily_prodes/all_causes/image_date_2017-11-20.gpkg
OUTPUT:	/auto/home/mcbride/deforestation/ASCAT_scaled/prodes_all/overlap/image_date_2017-11-20_overlap.gpkg

Using ellipsoid:	EPSG:7030
Using distance unit:	meters
Using area unit:	square meters

Preparing image_date_2017-11-20
0...10...20...30...40...50...60...70...80...90...100 - done.

----------------
Results
----------------

OUTPUT:	/auto/home/mcbride/deforestation/ASCAT_scaled/prodes_all/overlap/image_date_2017-11-20_overlap.gpkg
Overlap file: /auto/home/mcbride/deforestation/ASCAT_scaled/prodes_all/overlap/image_date_2017-08-05_overlap.gpkg

----------------
Inputs
----------------

INPUT:	/auto/home/mcbride/deforestation/ESCAT_cetb/pixels/ESCAT_cetb_pixels_clean.gpkg
LAYERS:	/auto/home/mcbride/QGIS/cetb_amazon/daily_prodes/all_causes/image_date_2017-08-05.gpkg
OUTPUT:	/auto/home/mcbride/deforestation/ASCAT_scaled/prodes_all/overlap/image_date_2017-08-05_overlap.gpkg

Using ellipsoid:	EPSG:7030
Using distance unit:	meters
Using area unit:	square meters

Preparing image_date_2017-08-05
0...10...20...30...40...50...60...70...80...90...100 - done.

----------------
Results
----------------

OUTPUT:	/auto/home/mcbride/deforestation/ASCAT_scaled/prodes_all/overlap/image_date_2017-08-05_overlap.gpkg
Overlap file: /auto/home/mcbride/deforestation/ASCAT_scaled/prodes_all/overlap/image_date_2017-09-04_overlap.gpkg

----------------
Inputs
----------------

INPUT:	/auto/home/mcbride/deforestation/ESCAT_cetb/pixels/ESCAT_cetb_pixels_clean.gpkg
LAYERS:	/auto/home/mcbride/QGIS/cetb_amazon/daily_prodes/all_causes/image_date_2017-09-04.gpkg
OUTPUT:	/auto/home/mcbride/deforestation/ASCAT_scaled/prodes_all/overlap/image_date_2017-09-04_overlap.gpkg

Using ellipsoid:	EPSG:7030
Using distance unit:	meters
Using area unit:	square meters

Preparing image_date_2017-09-04
0...10...20...30...40...50...60...70...80...90...100 - done.

----------------
Results
----------------

OUTPUT:	/auto/home/mcbride/deforestation/ASCAT_scaled/prodes_all/overlap/image_date_2017-09-04_overlap.gpkg
Overlap file: /auto/home/mcbride/deforestation/ASCAT_scaled/prodes_all/overlap/image_date_2017-08-19_overlap.gpkg

----------------
Inputs
----------------

INPUT:	/auto/home/mcbride/deforestation/ESCAT_cetb/pixels/ESCAT_cetb_pixels_clean.gpkg
LAYERS:	/auto/home/mcbride/QGIS/cetb_amazon/daily_prodes/all_causes/image_date_2017-08-19.gpkg
OUTPUT:	/auto/home/mcbride/deforestation/ASCAT_scaled/prodes_all/overlap/image_date_2017-08-19_overlap.gpkg

Using ellipsoid:	EPSG:7030
Using distance unit:	meters
Using area unit:	square meters

Preparing image_date_2017-08-19
0...10...20...30...40...50...60...70...80...90...100 - done.

----------------
Results
----------------

OUTPUT:	/auto/home/mcbride/deforestation/ASCAT_scaled/prodes_all/overlap/image_date_2017-08-19_overlap.gpkg
Overlap file: /auto/home/mcbride/deforestation/ASCAT_scaled/prodes_all/overlap/image_date_2017-08-01_overlap.gpkg

----------------
Inputs
----------------

INPUT:	/auto/home/mcbride/deforestation/ESCAT_cetb/pixels/ESCAT_cetb_pixels_clean.gpkg
LAYERS:	/auto/home/mcbride/QGIS/cetb_amazon/daily_prodes/all_causes/image_date_2017-08-01.gpkg
OUTPUT:	/auto/home/mcbride/deforestation/ASCAT_scaled/prodes_all/overlap/image_date_2017-08-01_overlap.gpkg

Using ellipsoid:	EPSG:7030
Using distance unit:	meters
Using area unit:	square meters

Preparing image_date_2017-08-01
0...10...20...30...40.