Pixels: /auto/home/mcbride/deforestation/ESCAT_cetb/pixels/ESCAT_cetb_pixels_clean.gpkg
Pixels layer: ESCAT_cetb_pixels_clean
Shapes: /auto/home/mcbride/QGIS/cetb_amazon/daily_prodes/all_causes
Overlap: /auto/home/mcbride/deforestation/ASCAT_scaled/prodes_all/overlap
Overlap file: /auto/home/mcbride/deforestation/ASCAT_scaled/prodes_all/overlap/image_date_2008-08-08_overlap.gpkg

----------------
Inputs
----------------

INPUT:	/auto/home/mcbride/deforestation/ESCAT_cetb/pixels/ESCAT_cetb_pixels_clean.gpkg
LAYERS:	/auto/home/mcbride/QGIS/cetb_amazon/daily_prodes/all_causes/image_date_2008-08-08.gpkg
OUTPUT:	/auto/home/mcbride/deforestation/ASCAT_scaled/prodes_all/overlap/image_date_2008-08-08_overlap.gpkg

Using ellipsoid:	EPSG:7030
Using distance unit:	meters
Using area unit:	square meters

Preparing image_date_2008-08-08
0...10...20...30...40...50...60...70...80...90...100 - done.

----------------
Results
----------------

OUTPUT:	/auto/home/mcbride/deforestation/ASCAT_scaled/prodes_all/overlap/image_date_2008-08-08_overlap.gpkg
Overlap file: /auto/home/mcbride/deforestation/ASCAT_scaled/prodes_all/overlap/image_date_2008-07-13_overlap.gpkg

----------------
Inputs
----------------

INPUT:	/auto/home/mcbride/deforestation/ESCAT_cetb/pixels/ESCAT_cetb_pixels_clean.gpkg
LAYERS:	/auto/home/mcbride/QGIS/cetb_amazon/daily_prodes/all_causes/image_date_2008-07-13.gpkg
OUTPUT:	/auto/home/mcbride/deforestation/ASCAT_scaled/prodes_all/overlap/image_date_2008-07-13_overlap.gpkg

Using ellipsoid:	EPSG:7030
Using distance unit:	meters
Using area unit:	square meters

Preparing image_date_2008-07-13
0...10...20...30...40...50...60...70...80...90...100 - done.

----------------
Results
----------------

OUTPUT:	/auto/home/mcbride/deforestation/ASCAT_scaled/prodes_all/overlap/image_date_2008-07-13_overlap.gpkg
Overlap file: /auto/home/mcbride/deforestation/ASCAT_scaled/prodes_all/overlap/image_date_2008-09-09_overlap.gpkg

----------------
Inputs
----------------

INPUT:	/auto/home/mcbride/deforestation/ESCAT_cetb/pixels/ESCAT_cetb_pixels_clean.gpkg
LAYERS:	/auto/home/mcbride/QGIS/cetb_amazon/daily_prodes/all_causes/image_date_2008-09-09.gpkg
OUTPUT:	/auto/home/mcbride/deforestation/ASCAT_scaled/prodes_all/overlap/image_date_2008-09-09_overlap.gpkg

Using ellipsoid:	EPSG:7030
Using distance unit:	meters
Using area unit:	square meters

Preparing image_date_2008-09-09
0...10...20...30...40...50...60...70...80...90...100 - done.

----------------
Results
----------------

OUTPUT:	/auto/home/mcbride/deforestation/ASCAT_scaled/prodes_all/overlap/image_date_2008-09-09_overlap.gpkg
Overlap file: /auto/home/mcbride/deforestation/ASCAT_scaled/prodes_all/overlap/image_date_2008-10-05_overlap.gpkg

----------------
Inputs
----------------

INPUT:	/auto/home/mcbride/deforestation/ESCAT_cetb/pixels/ESCAT_cetb_pixels_clean.gpkg
LAYERS:	/auto/home/mcbride/QGIS/cetb_amazon/daily_prodes/all_causes/image_date_2008-10-05.gpkg
OUTPUT:	/auto/home/mcbride/deforestation/ASCAT_scaled/prodes_all/overlap/image_date_2008-10-05_overlap.gpkg

Using ellipsoid:	EPSG:7030
Using distance unit:	meters
Using area unit:	square meters

Preparing image_date_2008-10-05
0...10...20...30...40...50...60...70...80...90...100 - done.

----------------
Results
----------------

OUTPUT:	/auto/home/mcbride/deforestation/ASCAT_scaled/prodes_all/overlap/image_date_2008-10-05_overlap.gpkg
Overlap file: /auto/home/mcbride/deforestation/ASCAT_scaled/prodes_all/overlap/image_date_2008-08-10_overlap.gpkg

----------------
Inputs
----------------

INPUT:	/auto/home/mcbride/deforestation/ESCAT_cetb/pixels/ESCAT_cetb_pixels_clean.gpkg
LAYERS:	/auto/home/mcbride/QGIS/cetb_amazon/daily_prodes/all_causes/image_date_2008-08-10.gpkg
OUTPUT:	/auto/home/mcbride/deforestation/ASCAT_scaled/prodes_all/overlap/image_date_2008-08-10_overlap.gpkg

Using ellipsoid:	EPSG:7030
Using distance unit:	meters
Using area unit:	square meters

Preparing image_date_2008-08-10
0...10...20...30...40...50...60...70...80...90...100 - done.

----------------
Results
----------------

OUTPUT:	/auto/home/mcbride/deforestation/ASCAT_scaled/prodes_all/overlap/image_date_2008-08-10_overlap.gpkg
Overlap file: /auto/home/mcbride/deforestation/ASCAT_scaled/prodes_all/overlap/image_date_2008-08-21_overlap.gpkg

----------------
Inputs
----------------

INPUT:	/auto/home/mcbride/deforestation/ESCAT_cetb/pixels/ESCAT_cetb_pixels_clean.gpkg
LAYERS:	/auto/home/mcbride/QGIS/cetb_amazon/daily_prodes/all_causes/image_date_2008-08-21.gpkg
OUTPUT:	/auto/home/mcbride/deforestation/ASCAT_scaled/prodes_all/overlap/image_date_2008-08-21_overlap.gpkg

Using ellipsoid:	EPSG:7030
Using distance unit:	meters
Using area unit:	square meters

Preparing image_date_2008-08-21
0...10...20...30...40...50...60...70...80...90...100 - done.

----------------
Results
----------------

OUTPUT:	/auto/home/mcbride/deforestation/ASCAT_scaled/prodes_all/overlap/image_date_2008-08-21_overlap.gpkg
Overlap file: /auto/home/mcbride/deforestation/ASCAT_scaled/prodes_all/overlap/image_date_2008-06-16_overlap.gpkg

----------------
Inputs
----------------

INPUT:	/auto/home/mcbride/deforestation/ESCAT_cetb/pixels/ESCAT_cetb_pixels_clean.gpkg
LAYERS:	/auto/home/mcbride/QGIS/cetb_amazon/daily_prodes/all_causes/image_date_2008-06-16.gpkg
OUTPUT:	/auto/home/mcbride/deforestation/ASCAT_scaled/prodes_all/overlap/image_date_2008-06-16_overlap.gpkg

Using ellipsoid:	EPSG:7030
Using distance unit:	meters
Using area unit:	square meters

Preparing image_date_2008-06-16
0...10...20...30...40.