Pixels: /auto/home/mcbride/deforestation/ESCAT_cetb/pixels/ESCAT_cetb_pixels_clean.gpkg
Pixels layer: ESCAT_cetb_pixels_clean
Shapes: /auto/home/mcbride/QGIS/cetb_amazon/daily_prodes/all_causes
Overlap: /auto/home/mcbride/deforestation/ASCAT_scaled/prodes_all/overlap
Overlap file: /auto/home/mcbride/deforestation/ASCAT_scaled/prodes_all/overlap/image_date_2024-07-22_overlap.gpkg

----------------
Inputs
----------------

INPUT:	/auto/home/mcbride/deforestation/ESCAT_cetb/pixels/ESCAT_cetb_pixels_clean.gpkg
LAYERS:	/auto/home/mcbride/QGIS/cetb_amazon/daily_prodes/all_causes/image_date_2024-07-22.gpkg
OUTPUT:	/auto/home/mcbride/deforestation/ASCAT_scaled/prodes_all/overlap/image_date_2024-07-22_overlap.gpkg

Using ellipsoid:	EPSG:7030
Using distance unit:	meters
Using area unit:	square meters

Preparing image_date_2024-07-22
0...10...20...30...40...50...60...70...80...90...100 - done.

----------------
Results
----------------

OUTPUT:	/auto/home/mcbride/deforestation/ASCAT_scaled/prodes_all/overlap/image_date_2024-07-22_overlap.gpkg
Overlap file: /auto/home/mcbride/deforestation/ASCAT_scaled/prodes_all/overlap/image_date_2024-08-08_overlap.gpkg

----------------
Inputs
----------------

INPUT:	/auto/home/mcbride/deforestation/ESCAT_cetb/pixels/ESCAT_cetb_pixels_clean.gpkg
LAYERS:	/auto/home/mcbride/QGIS/cetb_amazon/daily_prodes/all_causes/image_date_2024-08-08.gpkg
OUTPUT:	/auto/home/mcbride/deforestation/ASCAT_scaled/prodes_all/overlap/image_date_2024-08-08_overlap.gpkg

Using ellipsoid:	EPSG:7030
Using distance unit:	meters
Using area unit:	square meters

Preparing image_date_2024-08-08
0...10...20...30...40...50...60...70...80...90...100 - done.

----------------
Results
----------------

OUTPUT:	/auto/home/mcbride/deforestation/ASCAT_scaled/prodes_all/overlap/image_date_2024-08-08_overlap.gpkg
Overlap file: /auto/home/mcbride/deforestation/ASCAT_scaled/prodes_all/overlap/image_date_2024-08-21_overlap.gpkg

----------------
Inputs
----------------

INPUT:	/auto/home/mcbride/deforestation/ESCAT_cetb/pixels/ESCAT_cetb_pixels_clean.gpkg
LAYERS:	/auto/home/mcbride/QGIS/cetb_amazon/daily_prodes/all_causes/image_date_2024-08-21.gpkg
OUTPUT:	/auto/home/mcbride/deforestation/ASCAT_scaled/prodes_all/overlap/image_date_2024-08-21_overlap.gpkg

Using ellipsoid:	EPSG:7030
Using distance unit:	meters
Using area unit:	square meters

Preparing image_date_2024-08-21
0...10...20...30...40...50...60...70...80...90...100 - done.

----------------
Results
----------------

OUTPUT:	/auto/home/mcbride/deforestation/ASCAT_scaled/prodes_all/overlap/image_date_2024-08-21_overlap.gpkg
Overlap file: /auto/home/mcbride/deforestation/ASCAT_scaled/prodes_all/overlap/image_date_2024-08-10_overlap.gpkg

----------------
Inputs
----------------

INPUT:	/auto/home/mcbride/deforestation/ESCAT_cetb/pixels/ESCAT_cetb_pixels_clean.gpkg
LAYERS:	/auto/home/mcbride/QGIS/cetb_amazon/daily_prodes/all_causes/image_date_2024-08-10.gpkg
OUTPUT:	/auto/home/mcbride/deforestation/ASCAT_scaled/prodes_all/overlap/image_date_2024-08-10_overlap.gpkg

Using ellipsoid:	EPSG:7030
Using distance unit:	meters
Using area unit:	square meters

Preparing image_date_2024-08-10
0...10...20...30...40...50...60...70...80...90...100 - done.

----------------
Results
----------------

OUTPUT:	/auto/home/mcbride/deforestation/ASCAT_scaled/prodes_all/overlap/image_date_2024-08-10_overlap.gpkg
Overlap file: /auto/home/mcbride/deforestation/ASCAT_scaled/prodes_all/overlap/image_date_2024-07-17_overlap.gpkg

----------------
Inputs
----------------

INPUT:	/auto/home/mcbride/deforestation/ESCAT_cetb/pixels/ESCAT_cetb_pixels_clean.gpkg
LAYERS:	/auto/home/mcbride/QGIS/cetb_amazon/daily_prodes/all_causes/image_date_2024-07-17.gpkg
OUTPUT:	/auto/home/mcbride/deforestation/ASCAT_scaled/prodes_all/overlap/image_date_2024-07-17_overlap.gpkg

Using ellipsoid:	EPSG:7030
Using distance unit:	meters
Using area unit:	square meters

Preparing image_date_2024-07-17
0...10...20...30...40...50...60...70...80...90...100 - done.

----------------
Results
----------------

OUTPUT:	/auto/home/mcbride/deforestation/ASCAT_scaled/prodes_all/overlap/image_date_2024-07-17_overlap.gpkg
Overlap file: /auto/home/mcbride/deforestation/ASCAT_scaled/prodes_all/overlap/image_date_2024-07-26_overlap.gpkg

----------------
Inputs
----------------

INPUT:	/auto/home/mcbride/deforestation/ESCAT_cetb/pixels/ESCAT_cetb_pixels_clean.gpkg
LAYERS:	/auto/home/mcbride/QGIS/cetb_amazon/daily_prodes/all_causes/image_date_2024-07-26.gpkg
OUTPUT:	/auto/home/mcbride/deforestation/ASCAT_scaled/prodes_all/overlap/image_date_2024-07-26_overlap.gpkg

Using ellipsoid:	EPSG:7030
Using distance unit:	meters
Using area unit:	square meters

Preparing image_date_2024-07-26
0...10...20...30...40...50...60...70...80...90...100 - done.

----------------
Results
----------------

OUTPUT:	/auto/home/mcbride/deforestation/ASCAT_scaled/prodes_all/overlap/image_date_2024-07-26_overlap.gpkg
Overlap file: /auto/home/mcbride/deforestation/ASCAT_scaled/prodes_all/overlap/image_date_2024-08-14_overlap.gpkg

----------------
Inputs
----------------

INPUT:	/auto/home/mcbride/deforestation/ESCAT_cetb/pixels/ESCAT_cetb_pixels_clean.gpkg
LAYERS:	/auto/home/mcbride/QGIS/cetb_amazon/daily_prodes/all_causes/image_date_2024-08-14.gpkg
OUTPUT:	/auto/home/mcbride/deforestation/ASCAT_scaled/prodes_all/overlap/image_date_2024-08-14_overlap.gpkg

Using ellipsoid:	EPSG:7030
Using distance unit:	meters
Using area unit:	square meters

Preparing image_date_2024-08-14
0...10...20...30...40.