Pixels: /auto/home/mcbride/deforestation/ESCAT_cetb/pixels/ESCAT_cetb_pixels_clean.gpkg
Pixels layer: ESCAT_cetb_pixels_clean
Shapes: /auto/home/mcbride/QGIS/cetb_amazon/daily_deter
Overlap: /auto/home/mcbride/deforestation/ASCAT_scaled/deter/overlap
Overlap file: /auto/home/mcbride/deforestation/ASCAT_scaled/deter/overlap/DTIMGANT_2017-10-02_overlap.gpkg

----------------
Inputs
----------------

INPUT:	/auto/home/mcbride/deforestation/ESCAT_cetb/pixels/ESCAT_cetb_pixels_clean.gpkg
LAYERS:	/auto/home/mcbride/QGIS/cetb_amazon/daily_deter/DTIMGANT_2017-10-02.gpkg
OUTPUT:	/auto/home/mcbride/deforestation/ASCAT_scaled/deter/overlap/DTIMGANT_2017-10-02_overlap.gpkg

Using ellipsoid:	EPSG:7030
Using distance unit:	meters
Using area unit:	square meters

Preparing DTIMGANT_2017-10-02
0...10...20...30...40...50...60...70...80...90...100 - done.

----------------
Results
----------------

OUTPUT:	/auto/home/mcbride/deforestation/ASCAT_scaled/deter/overlap/DTIMGANT_2017-10-02_overlap.gpkg
Overlap file: /auto/home/mcbride/deforestation/ASCAT_scaled/deter/overlap/DTIMGANT_2017-07-25_overlap.gpkg

----------------
Inputs
----------------

INPUT:	/auto/home/mcbride/deforestation/ESCAT_cetb/pixels/ESCAT_cetb_pixels_clean.gpkg
LAYERS:	/auto/home/mcbride/QGIS/cetb_amazon/daily_deter/DTIMGANT_2017-07-25.gpkg
OUTPUT:	/auto/home/mcbride/deforestation/ASCAT_scaled/deter/overlap/DTIMGANT_2017-07-25_overlap.gpkg

Using ellipsoid:	EPSG:7030
Using distance unit:	meters
Using area unit:	square meters

Preparing DTIMGANT_2017-07-25
0...10...20...30...40...50...60...70...80...90...100 - done.

----------------
Results
----------------

OUTPUT:	/auto/home/mcbride/deforestation/ASCAT_scaled/deter/overlap/DTIMGANT_2017-07-25_overlap.gpkg
Overlap file: /auto/home/mcbride/deforestation/ASCAT_scaled/deter/overlap/DTIMGANT_2017-03-25_overlap.gpkg

----------------
Inputs
----------------

INPUT:	/auto/home/mcbride/deforestation/ESCAT_cetb/pixels/ESCAT_cetb_pixels_clean.gpkg
LAYERS:	/auto/home/mcbride/QGIS/cetb_amazon/daily_deter/DTIMGANT_2017-03-25.gpkg
OUTPUT:	/auto/home/mcbride/deforestation/ASCAT_scaled/deter/overlap/DTIMGANT_2017-03-25_overlap.gpkg

Using ellipsoid:	EPSG:7030
Using distance unit:	meters
Using area unit:	square meters

Preparing DTIMGANT_2017-03-25
0...10...20...30...40...50...60...70...80...90...100 - done.

----------------
Results
----------------

OUTPUT:	/auto/home/mcbride/deforestation/ASCAT_scaled/deter/overlap/DTIMGANT_2017-03-25_overlap.gpkg
Overlap file: /auto/home/mcbride/deforestation/ASCAT_scaled/deter/overlap/DTIMGANT_2017-06-15_overlap.gpkg

----------------
Inputs
----------------

INPUT:	/auto/home/mcbride/deforestation/ESCAT_cetb/pixels/ESCAT_cetb_pixels_clean.gpkg
LAYERS:	/auto/home/mcbride/QGIS/cetb_amazon/daily_deter/DTIMGANT_2017-06-15.gpkg
OUTPUT:	/auto/home/mcbride/deforestation/ASCAT_scaled/deter/overlap/DTIMGANT_2017-06-15_overlap.gpkg

Using ellipsoid:	EPSG:7030
Using distance unit:	meters
Using area unit:	square meters

Preparing DTIMGANT_2017-06-15
0...10...20...30...40...50...60...70...80...90...100 - done.

----------------
Results
----------------

OUTPUT:	/auto/home/mcbride/deforestation/ASCAT_scaled/deter/overlap/DTIMGANT_2017-06-15_overlap.gpkg
Overlap file: /auto/home/mcbride/deforestation/ASCAT_scaled/deter/overlap/DTIMGANT_2017-06-20_overlap.gpkg

----------------
Inputs
----------------

INPUT:	/auto/home/mcbride/deforestation/ESCAT_cetb/pixels/ESCAT_cetb_pixels_clean.gpkg
LAYERS:	/auto/home/mcbride/QGIS/cetb_amazon/daily_deter/DTIMGANT_2017-06-20.gpkg
OUTPUT:	/auto/home/mcbride/deforestation/ASCAT_scaled/deter/overlap/DTIMGANT_2017-06-20_overlap.gpkg

Using ellipsoid:	EPSG:7030
Using distance unit:	meters
Using area unit:	square meters

Preparing DTIMGANT_2017-06-20
0...10...20...30...40...50...60...70...80...90...100 - done.

----------------
Results
----------------

OUTPUT:	/auto/home/mcbride/deforestation/ASCAT_scaled/deter/overlap/DTIMGANT_2017-06-20_overlap.gpkg
Overlap file: /auto/home/mcbride/deforestation/ASCAT_scaled/deter/overlap/DTIMGANT_2017-03-04_overlap.gpkg

----------------
Inputs
----------------

INPUT:	/auto/home/mcbride/deforestation/ESCAT_cetb/pixels/ESCAT_cetb_pixels_clean.gpkg
LAYERS:	/auto/home/mcbride/QGIS/cetb_amazon/daily_deter/DTIMGANT_2017-03-04.gpkg
OUTPUT:	/auto/home/mcbride/deforestation/ASCAT_scaled/deter/overlap/DTIMGANT_2017-03-04_overlap.gpkg

Using ellipsoid:	EPSG:7030
Using distance unit:	meters
Using area unit:	square meters

Preparing DTIMGANT_2017-03-04
0...10...20...30...40...50...60...70...80...90...100 - done.

----------------
Results
----------------

OUTPUT:	/auto/home/mcbride/deforestation/ASCAT_scaled/deter/overlap/DTIMGANT_2017-03-04_overlap.gpkg
Overlap file: /auto/home/mcbride/deforestation/ASCAT_scaled/deter/overlap/DTIMGANT_2017-07-18_overlap.gpkg

----------------
Inputs
----------------

INPUT:	/auto/home/mcbride/deforestation/ESCAT_cetb/pixels/ESCAT_cetb_pixels_clean.gpkg
LAYERS:	/auto/home/mcbride/QGIS/cetb_amazon/daily_deter/DTIMGANT_2017-07-18.gpkg
OUTPUT:	/auto/home/mcbride/deforestation/ASCAT_scaled/deter/overlap/DTIMGANT_2017-07-18_overlap.gpkg

Using ellipsoid:	EPSG:7030
Using distance unit:	meters
Using area unit:	square meters

Preparing DTIMGANT_2017-07-18
0...10...20...30...40...50...60...70..