Pixels: /auto/home/mcbride/deforestation/ESCAT_cetb/pixels/ESCAT_cetb_pixels_clean.gpkg
Pixels layer: ESCAT_cetb_pixels_clean
Shapes: /auto/home/mcbride/QGIS/cetb_amazon/daily_deter
Overlap: /auto/home/mcbride/deforestation/ASCAT_scaled/deter/overlap
Overlap file: /auto/home/mcbride/deforestation/ASCAT_scaled/deter/overlap/DTIMGANT_2022-10-09_overlap.gpkg

----------------
Inputs
----------------

INPUT:	/auto/home/mcbride/deforestation/ESCAT_cetb/pixels/ESCAT_cetb_pixels_clean.gpkg
LAYERS:	/auto/home/mcbride/QGIS/cetb_amazon/daily_deter/DTIMGANT_2022-10-09.gpkg
OUTPUT:	/auto/home/mcbride/deforestation/ASCAT_scaled/deter/overlap/DTIMGANT_2022-10-09_overlap.gpkg

Using ellipsoid:	EPSG:7030
Using distance unit:	meters
Using area unit:	square meters

Preparing DTIMGANT_2022-10-09
0...10...20...30...40...50...60...70...80...90...100 - done.

----------------
Results
----------------

OUTPUT:	/auto/home/mcbride/deforestation/ASCAT_scaled/deter/overlap/DTIMGANT_2022-10-09_overlap.gpkg
Overlap file: /auto/home/mcbride/deforestation/ASCAT_scaled/deter/overlap/DTIMGANT_2022-12-13_overlap.gpkg

----------------
Inputs
----------------

INPUT:	/auto/home/mcbride/deforestation/ESCAT_cetb/pixels/ESCAT_cetb_pixels_clean.gpkg
LAYERS:	/auto/home/mcbride/QGIS/cetb_amazon/daily_deter/DTIMGANT_2022-12-13.gpkg
OUTPUT:	/auto/home/mcbride/deforestation/ASCAT_scaled/deter/overlap/DTIMGANT_2022-12-13_overlap.gpkg

Using ellipsoid:	EPSG:7030
Using distance unit:	meters
Using area unit:	square meters

Preparing DTIMGANT_2022-12-13
0...10...20...30...40...50...60...70...80...90...100 - done.

----------------
Results
----------------

OUTPUT:	/auto/home/mcbride/deforestation/ASCAT_scaled/deter/overlap/DTIMGANT_2022-12-13_overlap.gpkg
Overlap file: /auto/home/mcbride/deforestation/ASCAT_scaled/deter/overlap/DTIMGANT_2022-03-07_overlap.gpkg

----------------
Inputs
----------------

INPUT:	/auto/home/mcbride/deforestation/ESCAT_cetb/pixels/ESCAT_cetb_pixels_clean.gpkg
LAYERS:	/auto/home/mcbride/QGIS/cetb_amazon/daily_deter/DTIMGANT_2022-03-07.gpkg
OUTPUT:	/auto/home/mcbride/deforestation/ASCAT_scaled/deter/overlap/DTIMGANT_2022-03-07_overlap.gpkg

Using ellipsoid:	EPSG:7030
Using distance unit:	meters
Using area unit:	square meters

Preparing DTIMGANT_2022-03-07
0...10...20...30...40...50...60...70...80...90...100 - done.

----------------
Results
----------------

OUTPUT:	/auto/home/mcbride/deforestation/ASCAT_scaled/deter/overlap/DTIMGANT_2022-03-07_overlap.gpkg
Overlap file: /auto/home/mcbride/deforestation/ASCAT_scaled/deter/overlap/DTIMGANT_2022-07-07_overlap.gpkg

----------------
Inputs
----------------

INPUT:	/auto/home/mcbride/deforestation/ESCAT_cetb/pixels/ESCAT_cetb_pixels_clean.gpkg
LAYERS:	/auto/home/mcbride/QGIS/cetb_amazon/daily_deter/DTIMGANT_2022-07-07.gpkg
OUTPUT:	/auto/home/mcbride/deforestation/ASCAT_scaled/deter/overlap/DTIMGANT_2022-07-07_overlap.gpkg

Using ellipsoid:	EPSG:7030
Using distance unit:	meters
Using area unit:	square meters

Preparing DTIMGANT_2022-07-07
0...10...20...30...40...50...60...70...80...90...100 - done.

----------------
Results
----------------

OUTPUT:	/auto/home/mcbride/deforestation/ASCAT_scaled/deter/overlap/DTIMGANT_2022-07-07_overlap.gpkg
Overlap file: /auto/home/mcbride/deforestation/ASCAT_scaled/deter/overlap/DTIMGANT_2022-02-06_overlap.gpkg

----------------
Inputs
----------------

INPUT:	/auto/home/mcbride/deforestation/ESCAT_cetb/pixels/ESCAT_cetb_pixels_clean.gpkg
LAYERS:	/auto/home/mcbride/QGIS/cetb_amazon/daily_deter/DTIMGANT_2022-02-06.gpkg
OUTPUT:	/auto/home/mcbride/deforestation/ASCAT_scaled/deter/overlap/DTIMGANT_2022-02-06_overlap.gpkg

Using ellipsoid:	EPSG:7030
Using distance unit:	meters
Using area unit:	square meters

Preparing DTIMGANT_2022-02-06
0...10...20...30...40...50...60...70...80...90...100 - done.

----------------
Results
----------------

OUTPUT:	/auto/home/mcbride/deforestation/ASCAT_scaled/deter/overlap/DTIMGANT_2022-02-06_overlap.gpkg
Overlap file: /auto/home/mcbride/deforestation/ASCAT_scaled/deter/overlap/DTIMGANT_2022-11-08_overlap.gpkg

----------------
Inputs
----------------

INPUT:	/auto/home/mcbride/deforestation/ESCAT_cetb/pixels/ESCAT_cetb_pixels_clean.gpkg
LAYERS:	/auto/home/mcbride/QGIS/cetb_amazon/daily_deter/DTIMGANT_2022-11-08.gpkg
OUTPUT:	/auto/home/mcbride/deforestation/ASCAT_scaled/deter/overlap/DTIMGANT_2022-11-08_overlap.gpkg

Using ellipsoid:	EPSG:7030
Using distance unit:	meters
Using area unit:	square meters

Preparing DTIMGANT_2022-11-08
0...10...20...30...40...50...60...70...80...90...100 - done.

----------------
Results
----------------

OUTPUT:	/auto/home/mcbride/deforestation/ASCAT_scaled/deter/overlap/DTIMGANT_2022-11-08_overlap.gpkg
Overlap file: /auto/home/mcbride/deforestation/ASCAT_scaled/deter/overlap/DTIMGANT_2022-12-22_overlap.gpkg

----------------
Inputs
----------------

INPUT:	/auto/home/mcbride/deforestation/ESCAT_cetb/pixels/ESCAT_cetb_pixels_clean.gpkg
LAYERS:	/auto/home/mcbride/QGIS/cetb_amazon/daily_deter/DTIMGANT_2022-12-22.gpkg
OUTPUT:	/auto/home/mcbride/deforestation/ASCAT_scaled/deter/overlap/DTIMGANT_2022-12-22_overlap.gpkg

Using ellipsoid:	EPSG:7030
Using distance unit:	meters
Using area unit:	square meters

Preparing DTIMGANT_2022-12-22
0...10...20...30...40...50...60...70