Pixels: /auto/home/mcbride/deforestation/ESCAT_cetb/pixels/ESCAT_cetb_pixels_clean.gpkg
Pixels layer: ESCAT_cetb_pixels_clean
Shapes: /auto/home/mcbride/QGIS/cetb_amazon/daily_deter
Overlap: /auto/home/mcbride/deforestation/ASCAT_scaled/deter/overlap
Overlap file: /auto/home/mcbride/deforestation/ASCAT_scaled/deter/overlap/DTIMGANT_2024-11-27_overlap.gpkg

----------------
Inputs
----------------

INPUT:	/auto/home/mcbride/deforestation/ESCAT_cetb/pixels/ESCAT_cetb_pixels_clean.gpkg
LAYERS:	/auto/home/mcbride/QGIS/cetb_amazon/daily_deter/DTIMGANT_2024-11-27.gpkg
OUTPUT:	/auto/home/mcbride/deforestation/ASCAT_scaled/deter/overlap/DTIMGANT_2024-11-27_overlap.gpkg

Using ellipsoid:	EPSG:7030
Using distance unit:	meters
Using area unit:	square meters

Preparing DTIMGANT_2024-11-27
0...10...20...30...40...50...60...70...80...90...100 - done.

----------------
Results
----------------

OUTPUT:	/auto/home/mcbride/deforestation/ASCAT_scaled/deter/overlap/DTIMGANT_2024-11-27_overlap.gpkg
Overlap file: /auto/home/mcbride/deforestation/ASCAT_scaled/deter/overlap/DTIMGANT_2024-02-29_overlap.gpkg

----------------
Inputs
----------------

INPUT:	/auto/home/mcbride/deforestation/ESCAT_cetb/pixels/ESCAT_cetb_pixels_clean.gpkg
LAYERS:	/auto/home/mcbride/QGIS/cetb_amazon/daily_deter/DTIMGANT_2024-02-29.gpkg
OUTPUT:	/auto/home/mcbride/deforestation/ASCAT_scaled/deter/overlap/DTIMGANT_2024-02-29_overlap.gpkg

Using ellipsoid:	EPSG:7030
Using distance unit:	meters
Using area unit:	square meters

Preparing DTIMGANT_2024-02-29
0...10...20...30...40...50...60...70...80...90...100 - done.

----------------
Results
----------------

OUTPUT:	/auto/home/mcbride/deforestation/ASCAT_scaled/deter/overlap/DTIMGANT_2024-02-29_overlap.gpkg
Overlap file: /auto/home/mcbride/deforestation/ASCAT_scaled/deter/overlap/DTIMGANT_2024-07-19_overlap.gpkg

----------------
Inputs
----------------

INPUT:	/auto/home/mcbride/deforestation/ESCAT_cetb/pixels/ESCAT_cetb_pixels_clean.gpkg
LAYERS:	/auto/home/mcbride/QGIS/cetb_amazon/daily_deter/DTIMGANT_2024-07-19.gpkg
OUTPUT:	/auto/home/mcbride/deforestation/ASCAT_scaled/deter/overlap/DTIMGANT_2024-07-19_overlap.gpkg

Using ellipsoid:	EPSG:7030
Using distance unit:	meters
Using area unit:	square meters

Preparing DTIMGANT_2024-07-19
0...10...20...30...40...50...60...70...80...90...100 - done.

----------------
Results
----------------

OUTPUT:	/auto/home/mcbride/deforestation/ASCAT_scaled/deter/overlap/DTIMGANT_2024-07-19_overlap.gpkg
Overlap file: /auto/home/mcbride/deforestation/ASCAT_scaled/deter/overlap/DTIMGANT_2024-08-02_overlap.gpkg

----------------
Inputs
----------------

INPUT:	/auto/home/mcbride/deforestation/ESCAT_cetb/pixels/ESCAT_cetb_pixels_clean.gpkg
LAYERS:	/auto/home/mcbride/QGIS/cetb_amazon/daily_deter/DTIMGANT_2024-08-02.gpkg
OUTPUT:	/auto/home/mcbride/deforestation/ASCAT_scaled/deter/overlap/DTIMGANT_2024-08-02_overlap.gpkg

Using ellipsoid:	EPSG:7030
Using distance unit:	meters
Using area unit:	square meters

Preparing DTIMGANT_2024-08-02
0...10...20...30...40...50...60...70...80...90...100 - done.

----------------
Results
----------------

OUTPUT:	/auto/home/mcbride/deforestation/ASCAT_scaled/deter/overlap/DTIMGANT_2024-08-02_overlap.gpkg
Overlap file: /auto/home/mcbride/deforestation/ASCAT_scaled/deter/overlap/DTIMGANT_2024-05-03_overlap.gpkg

----------------
Inputs
----------------

INPUT:	/auto/home/mcbride/deforestation/ESCAT_cetb/pixels/ESCAT_cetb_pixels_clean.gpkg
LAYERS:	/auto/home/mcbride/QGIS/cetb_amazon/daily_deter/DTIMGANT_2024-05-03.gpkg
OUTPUT:	/auto/home/mcbride/deforestation/ASCAT_scaled/deter/overlap/DTIMGANT_2024-05-03_overlap.gpkg

Using ellipsoid:	EPSG:7030
Using distance unit:	meters
Using area unit:	square meters

Preparing DTIMGANT_2024-05-03
0...10...20...30...40...50...60...70...80...90...100 - done.

----------------
Results
----------------

OUTPUT:	/auto/home/mcbride/deforestation/ASCAT_scaled/deter/overlap/DTIMGANT_2024-05-03_overlap.gpkg
Overlap file: /auto/home/mcbride/deforestation/ASCAT_scaled/deter/overlap/DTIMGANT_2024-03-19_overlap.gpkg

----------------
Inputs
----------------

INPUT:	/auto/home/mcbride/deforestation/ESCAT_cetb/pixels/ESCAT_cetb_pixels_clean.gpkg
LAYERS:	/auto/home/mcbride/QGIS/cetb_amazon/daily_deter/DTIMGANT_2024-03-19.gpkg
OUTPUT:	/auto/home/mcbride/deforestation/ASCAT_scaled/deter/overlap/DTIMGANT_2024-03-19_overlap.gpkg

Using ellipsoid:	EPSG:7030
Using distance unit:	meters
Using area unit:	square meters

Preparing DTIMGANT_2024-03-19
0...10...20...30...40...50...60...70...80...90...100 - done.

----------------
Results
----------------

OUTPUT:	/auto/home/mcbride/deforestation/ASCAT_scaled/deter/overlap/DTIMGANT_2024-03-19_overlap.gpkg
Overlap file: /auto/home/mcbride/deforestation/ASCAT_scaled/deter/overlap/DTIMGANT_2024-06-29_overlap.gpkg

----------------
Inputs
----------------

INPUT:	/auto/home/mcbride/deforestation/ESCAT_cetb/pixels/ESCAT_cetb_pixels_clean.gpkg
LAYERS:	/auto/home/mcbride/QGIS/cetb_amazon/daily_deter/DTIMGANT_2024-06-29.gpkg
OUTPUT:	/auto/home/mcbride/deforestation/ASCAT_scaled/deter/overlap/DTIMGANT_2024-06-29_overlap.gpkg

Using ellipsoid:	EPSG:7030
Using distance unit:	meters
Using area unit:	square meters

Preparing DTIMGANT_2024-06-29
0...10...20...30...40...50...60...70.