Pixels: /auto/home/mcbride/deforestation/ESCAT_cetb/pixels/ESCAT_cetb_pixels_clean.gpkg
Pixels layer: ESCAT_cetb_pixels_clean
Shapes: /auto/home/mcbride/QGIS/cetb_amazon/daily_deter
Overlap: /auto/home/mcbride/deforestation/ASCAT_scaled/deter/overlap
Overlap file: /auto/home/mcbride/deforestation/ASCAT_scaled/deter/overlap/DTIMGANT_2023-12-28_overlap.gpkg

----------------
Inputs
----------------

INPUT:	/auto/home/mcbride/deforestation/ESCAT_cetb/pixels/ESCAT_cetb_pixels_clean.gpkg
LAYERS:	/auto/home/mcbride/QGIS/cetb_amazon/daily_deter/DTIMGANT_2023-12-28.gpkg
OUTPUT:	/auto/home/mcbride/deforestation/ASCAT_scaled/deter/overlap/DTIMGANT_2023-12-28_overlap.gpkg

Using ellipsoid:	EPSG:7030
Using distance unit:	meters
Using area unit:	square meters

Preparing DTIMGANT_2023-12-28
0...10...20...30...40...50...60...70...80...90...100 - done.

----------------
Results
----------------

OUTPUT:	/auto/home/mcbride/deforestation/ASCAT_scaled/deter/overlap/DTIMGANT_2023-12-28_overlap.gpkg
Overlap file: /auto/home/mcbride/deforestation/ASCAT_scaled/deter/overlap/DTIMGANT_2023-09-17_overlap.gpkg

----------------
Inputs
----------------

INPUT:	/auto/home/mcbride/deforestation/ESCAT_cetb/pixels/ESCAT_cetb_pixels_clean.gpkg
LAYERS:	/auto/home/mcbride/QGIS/cetb_amazon/daily_deter/DTIMGANT_2023-09-17.gpkg
OUTPUT:	/auto/home/mcbride/deforestation/ASCAT_scaled/deter/overlap/DTIMGANT_2023-09-17_overlap.gpkg

Using ellipsoid:	EPSG:7030
Using distance unit:	meters
Using area unit:	square meters

Preparing DTIMGANT_2023-09-17
0...10...20...30...40...50...60...70...80...90...100 - done.

----------------
Results
----------------

OUTPUT:	/auto/home/mcbride/deforestation/ASCAT_scaled/deter/overlap/DTIMGANT_2023-09-17_overlap.gpkg
Overlap file: /auto/home/mcbride/deforestation/ASCAT_scaled/deter/overlap/DTIMGANT_2023-01-26_overlap.gpkg

----------------
Inputs
----------------

INPUT:	/auto/home/mcbride/deforestation/ESCAT_cetb/pixels/ESCAT_cetb_pixels_clean.gpkg
LAYERS:	/auto/home/mcbride/QGIS/cetb_amazon/daily_deter/DTIMGANT_2023-01-26.gpkg
OUTPUT:	/auto/home/mcbride/deforestation/ASCAT_scaled/deter/overlap/DTIMGANT_2023-01-26_overlap.gpkg

Using ellipsoid:	EPSG:7030
Using distance unit:	meters
Using area unit:	square meters

Preparing DTIMGANT_2023-01-26
0...10...20...30...40...50...60...70...80...90...100 - done.

----------------
Results
----------------

OUTPUT:	/auto/home/mcbride/deforestation/ASCAT_scaled/deter/overlap/DTIMGANT_2023-01-26_overlap.gpkg
Overlap file: /auto/home/mcbride/deforestation/ASCAT_scaled/deter/overlap/DTIMGANT_2023-04-16_overlap.gpkg

----------------
Inputs
----------------

INPUT:	/auto/home/mcbride/deforestation/ESCAT_cetb/pixels/ESCAT_cetb_pixels_clean.gpkg
LAYERS:	/auto/home/mcbride/QGIS/cetb_amazon/daily_deter/DTIMGANT_2023-04-16.gpkg
OUTPUT:	/auto/home/mcbride/deforestation/ASCAT_scaled/deter/overlap/DTIMGANT_2023-04-16_overlap.gpkg

Using ellipsoid:	EPSG:7030
Using distance unit:	meters
Using area unit:	square meters

Preparing DTIMGANT_2023-04-16
0...10...20...30...40...50...60...70...80...90...100 - done.

----------------
Results
----------------

OUTPUT:	/auto/home/mcbride/deforestation/ASCAT_scaled/deter/overlap/DTIMGANT_2023-04-16_overlap.gpkg
Overlap file: /auto/home/mcbride/deforestation/ASCAT_scaled/deter/overlap/DTIMGANT_2023-05-26_overlap.gpkg

----------------
Inputs
----------------

INPUT:	/auto/home/mcbride/deforestation/ESCAT_cetb/pixels/ESCAT_cetb_pixels_clean.gpkg
LAYERS:	/auto/home/mcbride/QGIS/cetb_amazon/daily_deter/DTIMGANT_2023-05-26.gpkg
OUTPUT:	/auto/home/mcbride/deforestation/ASCAT_scaled/deter/overlap/DTIMGANT_2023-05-26_overlap.gpkg

Using ellipsoid:	EPSG:7030
Using distance unit:	meters
Using area unit:	square meters

Preparing DTIMGANT_2023-05-26
0...10...20...30...40...50...60...70...80...90...100 - done.

----------------
Results
----------------

OUTPUT:	/auto/home/mcbride/deforestation/ASCAT_scaled/deter/overlap/DTIMGANT_2023-05-26_overlap.gpkg
Overlap file: /auto/home/mcbride/deforestation/ASCAT_scaled/deter/overlap/DTIMGANT_2023-08-27_overlap.gpkg

----------------
Inputs
----------------

INPUT:	/auto/home/mcbride/deforestation/ESCAT_cetb/pixels/ESCAT_cetb_pixels_clean.gpkg
LAYERS:	/auto/home/mcbride/QGIS/cetb_amazon/daily_deter/DTIMGANT_2023-08-27.gpkg
OUTPUT:	/auto/home/mcbride/deforestation/ASCAT_scaled/deter/overlap/DTIMGANT_2023-08-27_overlap.gpkg

Using ellipsoid:	EPSG:7030
Using distance unit:	meters
Using area unit:	square meters

Preparing DTIMGANT_2023-08-27
0...10...20...30...40...50...60...70...80...90...100 - done.

----------------
Results
----------------

OUTPUT:	/auto/home/mcbride/deforestation/ASCAT_scaled/deter/overlap/DTIMGANT_2023-08-27_overlap.gpkg
Overlap file: /auto/home/mcbride/deforestation/ASCAT_scaled/deter/overlap/DTIMGANT_2023-11-02_overlap.gpkg

----------------
Inputs
----------------

INPUT:	/auto/home/mcbride/deforestation/ESCAT_cetb/pixels/ESCAT_cetb_pixels_clean.gpkg
LAYERS:	/auto/home/mcbride/QGIS/cetb_amazon/daily_deter/DTIMGANT_2023-11-02.gpkg
OUTPUT:	/auto/home/mcbride/deforestation/ASCAT_scaled/deter/overlap/DTIMGANT_2023-11-02_overlap.gpkg

Using ellipsoid:	EPSG:7030
Using distance unit:	meters
Using area unit:	square meters

Preparing DTIMGANT_2023-11-02
0...10...20...30...40...50...60...70